#-----------------------------------------------------------
# Vivado v2025.1 (64-bit)
# SW Build 6140274 on Wed May 21 22:58:25 MDT 2025
# IP Build 6138677 on Thu May 22 03:10:11 MDT 2025
# SharedData Build 6139179 on Tue May 20 17:58:58 MDT 2025
# Start of session at: Mon Nov 17 19:33:59 2025
# Process ID         : 14742
# Current directory  : /home/jaejun/LED_ON_OFF/LED_ON_OFF.runs/synth_1
# Command line       : vivado -log LED.vds -product Vivado -mode batch -messageDb vivado.pb -notrace -source LED.tcl
# Log file           : /home/jaejun/LED_ON_OFF/LED_ON_OFF.runs/synth_1/LED.vds
# Journal file       : /home/jaejun/LED_ON_OFF/LED_ON_OFF.runs/synth_1/vivado.jou
# Running On         : jaejun-Victus-by-HP-Gaming-Laptop-16-r0xxx
# Platform           : Ubuntu
# Operating System   : Ubuntu 24.04.3 LTS
# Processor Detail   : 13th Gen Intel(R) Core(TM) i7-13700HX
# CPU Frequency      : 1782.968 MHz
# CPU Physical cores : 16
# CPU Logical cores  : 24
# Host memory        : 41729 MB
# Swap memory        : 8589 MB
# Total Virtual      : 50319 MB
# Available Virtual  : 43322 MB
#-----------------------------------------------------------
source LED.tcl -notrace
